
> build
> ng build

[33mΓ¥»[39m Building...
[32mΓ£ö[39m Building...
Application bundle generation failed. [23.272 seconds] - 2026-05-10T06:03:54.760Z

node.exe : [1m[31m[31mX [41;31m[[41;97mERROR[41;31m][0m [1mTS2305: Module '"@app/features/topics/constants"' has no exported member 
'FORMS_MODULE_DEEP_DIVE'.[0m [1m[35m[plugin angular-compiler][0m
At C:\nvm4w\nodejs\npm.ps1:16 char:5
+     & "$basedir/node$exe"  "$basedir/node_modules/npm/bin/npm-cli.js" ...
+     ~~~~~~~~~~~~~~~~~~~~~~~~~~~~~~~~~~~~~~~~~~~~~~~~~~~~~~~~~~~~~~~~~
    + CategoryInfo          : NotSpecified: ([1m[31m[31mX...r-compiler][0m:String) [], RemoteException
    + FullyQualifiedErrorId : NativeCommandError
 

    src/app/features/topics/di-service/form/form-eg.ts:2:9:
[37m      2 Γöé import { [32mFORMS_MODULE_DEEP_DIVE[37m } from '@app/features/topics/consta...
        Γò╡          [32m~~~~~~~~~~~~~~~~~~~~~~[0m

[39m[22m
